test_deterministic_elimination_retains_original_columns (test_algebra.MatrixAlgebraTests.test_deterministic_elimination_retains_original_columns) ... ok
test_exhaustive_small_matrices_against_enumerated_vectors (test_algebra.MatrixAlgebraTests.test_exhaustive_small_matrices_against_enumerated_vectors) ... ok
test_rectangular_products_and_f2_addition (test_algebra.MatrixAlgebraTests.test_rectangular_products_and_f2_addition) ... ok
test_construction_preserves_coordinates_and_immutability (test_algebra.MatrixInputTests.test_construction_preserves_coordinates_and_immutability) ... ok
test_empty_shapes (test_algebra.MatrixInputTests.test_empty_shapes) ... ok
test_invalid_coordinates_and_dimensions (test_algebra.MatrixInputTests.test_invalid_coordinates_and_dimensions) ... ok
test_bad_policy_types_are_input_errors (test_chain.ChainWindowTests.test_bad_policy_types_are_input_errors) ... ok
test_deserialization_revalidates_inputs (test_chain.ChainWindowTests.test_deserialization_revalidates_inputs) ... ok
test_empty_spaces_and_h0 (test_chain.ChainWindowTests.test_empty_spaces_and_h0) ... ok
test_geometry_semantics_and_metadata_are_explicit (test_chain.ChainWindowTests.test_geometry_semantics_and_metadata_are_explicit) ... ok
test_invalid_chain_and_dimensions (test_chain.ChainWindowTests.test_invalid_chain_and_dimensions) ... ok
test_invalid_weights_and_arithmetic (test_chain.ChainWindowTests.test_invalid_weights_and_arithmetic) ... ok
test_shape_order_and_exact_weights (test_chain.ChainWindowTests.test_shape_order_and_exact_weights) ... ok
test_unordered_or_text_coordinate_inputs_are_rejected (test_chain.ChainWindowTests.test_unordered_or_text_coordinate_inputs_are_rejected) ... ok
test_admission_requires_all_successful_same_output_process_blocks (test_comparison.AcceptanceTests.test_admission_requires_all_successful_same_output_process_blocks) ... ok
test_checkpoint_preserves_previous_data_when_atomic_replace_fails (test_comparison.AcceptanceTests.test_checkpoint_preserves_previous_data_when_atomic_replace_fails) ... ok
test_joint_acceptance_replays_recovery_and_audits_noncycle_extension (test_comparison.AcceptanceTests.test_joint_acceptance_replays_recovery_and_audits_noncycle_extension) ... ok
test_separate_rss_and_non_deterministic_repeats_cannot_be_admitted (test_comparison.AcceptanceTests.test_separate_rss_and_non_deterministic_repeats_cannot_be_admitted) ... ok
test_frozen_report_revalidates_every_retained_action (test_comparison.ComparisonTests.test_frozen_report_revalidates_every_retained_action) ... ok
test_local_search_frozen_report_preserves_proof_and_cost_boundaries (test_comparison.ComparisonTests.test_local_search_frozen_report_preserves_proof_and_cost_boundaries) ... ok
test_local_search_keeps_completed_improvements_on_interruption (test_comparison.ComparisonTests.test_local_search_keeps_completed_improvements_on_interruption) ... ok
test_problem_and_actual_certificate_groups_are_not_interchangeable (test_comparison.ComparisonTests.test_problem_and_actual_certificate_groups_are_not_interchangeable) ... ok
test_r0_disjoint_costs_and_repeatable_joint_output (test_comparison.ComparisonTests.test_r0_disjoint_costs_and_repeatable_joint_output) ... ok
test_r0_frozen_lf_and_historical_crlf_checksums (test_comparison.ComparisonTests.test_r0_frozen_lf_and_historical_crlf_checksums) ... ok
test_r0_json_output_is_lf_before_git_normalization (test_comparison.ComparisonTests.test_r0_json_output_is_lf_before_git_normalization) ... ok
test_r0_library_failures_are_not_successful_or_zero_queries (test_comparison.ComparisonTests.test_r0_library_failures_are_not_successful_or_zero_queries) ... ok
test_unsupported_and_budget_failure_are_preserved (test_comparison.ComparisonTests.test_unsupported_and_budget_failure_are_preserved) ... ok
test_5689_original_modules_plus_historical_bases_against_enumeration (test_family.AdjacentFiltrationTests.test_5689_original_modules_plus_historical_bases_against_enumeration) ... ok
test_compact_shared_storage_and_legacy_roundtrip (test_family.AdjacentFiltrationTests.test_compact_shared_storage_and_legacy_roundtrip) ... ok
test_historical_merge_generator_dies_and_stage_bases_commute (test_family.AdjacentFiltrationTests.test_historical_merge_generator_dies_and_stage_bases_commute) ... ok
test_long_barcode_only_adjacent_actions_and_bounded_cache (test_family.AdjacentFiltrationTests.test_long_barcode_only_adjacent_actions_and_bounded_cache) ... ok
test_empty_barcode_and_failure_are_distinct (test_family.BarcodeTests.test_empty_barcode_and_failure_are_distinct) ... ok
test_merge_essential_duplicate_and_rank_reconstruction (test_family.BarcodeTests.test_merge_essential_duplicate_and_rank_reconstruction) ... ok
test_same_betti_different_barcode_and_zero_scale_length (test_family.BarcodeTests.test_same_betti_different_barcode_and_zero_scale_length) ... ok
test_failed_stage_remains_partial (test_family.FamilyInputTests.test_failed_stage_remains_partial) ... ok
test_invalid_chain_inclusion_and_stage_identity (test_family.FamilyInputTests.test_invalid_chain_inclusion_and_stage_identity) ... ok
test_ordered_stages_duplicates_and_empty_chain (test_family.FamilyInputTests.test_ordered_stages_duplicates_and_empty_chain) ... ok
test_weight_policy_is_explicit (test_family.FamilyInputTests.test_weight_policy_is_explicit) ... ok
test_lossless_snapshot_and_restored_actions (test_family.FamilySerializationTests.test_lossless_snapshot_and_restored_actions) ... ok
test_partial_roundtrip_and_zero_remain_distinct (test_family.FamilySerializationTests.test_partial_roundtrip_and_zero_remain_distinct) ... ok
test_queried_failures_survive_with_and_without_partial_identity (test_family.FamilySerializationTests.test_queried_failures_survive_with_and_without_partial_identity) ... ok
test_readout_identity_action_rank_and_barcode_tampering (test_family.FamilySerializationTests.test_readout_identity_action_rank_and_barcode_tampering) ... ok
test_schema_json_and_weight_mixing_rejected (test_family.FamilySerializationTests.test_schema_json_and_weight_mixing_rejected) ... ok
test_direct_multistep_death_merger_and_support (test_family.TrackingTests.test_direct_multistep_death_merger_and_support) ... ok
test_float_ratio_product_overflow_and_zero_queries (test_family.TrackingTests.test_float_ratio_product_overflow_and_zero_queries) ... ok
test_tracking_rejects_noncycles_and_wrong_coordinates (test_family.TrackingTests.test_tracking_rejects_noncycles_and_wrong_coordinates) ... ok
test_variable_weights_numerical_bounds_and_resource_failure (test_family.TrackingTests.test_variable_weights_numerical_bounds_and_resource_failure) ... ok
test_identity_composition_rank_and_original_chain_action (test_family.TransportTests.test_identity_composition_rank_and_original_chain_action) ... ok
test_partial_transport_is_missing_not_zero (test_family.TransportTests.test_partial_transport_is_missing_not_zero) ... ok
test_same_betti_different_maps_and_quotient_rank (test_family.TransportTests.test_same_betti_different_maps_and_quotient_rank) ... ok
test_all_cycles_tracking_geometry_and_endpoint_control (test_family_joint.FamilyJointTests.test_all_cycles_tracking_geometry_and_endpoint_control) ... ok
test_all_five_solvers_dense_and_structured_in_one_family (test_family_joint.FamilyJointTests.test_all_five_solvers_dense_and_structured_in_one_family) ... ok
test_all_frozen_families_rank_barcode_and_expected_endpoints (test_family_joint.FamilyJointTests.test_all_frozen_families_rank_barcode_and_expected_endpoints) ... ok
test_cross_solver_replacements_preserve_ph_and_action_bound_geometry (test_family_joint.FamilyJointTests.test_cross_solver_replacements_preserve_ph_and_action_bound_geometry) ... ok
test_numerical_failures_and_bool_rank_tampering_are_explicit (test_family_joint.FamilyJointTests.test_numerical_failures_and_bool_rank_tampering_are_explicit) ... ok
test_production_does_not_import_oracle_or_ph_packages (test_family_joint.FamilyJointTests.test_production_does_not_import_oracle_or_ph_packages) ... ok
test_projection_change_preserves_topology_and_changes_geometry_identity (test_family_joint.FamilyJointTests.test_projection_change_preserves_topology_and_changes_geometry_identity) ... ok
test_coordinate_geometry_and_metric (test_geometry.GeometryTests.test_coordinate_geometry_and_metric) ... ok
test_geometry_rejects_noncycles (test_geometry.GeometryTests.test_geometry_rejects_noncycles) ... ok
test_selected_mass_is_not_minimum_class_mass (test_geometry.GeometryTests.test_selected_mass_is_not_minimum_class_mass) ... ok
test_weight_and_arithmetic_identity (test_geometry.GeometryTests.test_weight_and_arithmetic_identity) ... ok
test_backend_info_does_not_claim_missing_or_old_wheel_available (test_integration.IntegrationTests.test_backend_info_does_not_claim_missing_or_old_wheel_available) ... ok
test_explicit_backend_selection_and_visible_same_solver_fallback (test_integration.IntegrationTests.test_explicit_backend_selection_and_visible_same_solver_fallback) ... ok
test_external_restore_replays_argument_bound_geometry (test_integration.IntegrationTests.test_external_restore_replays_argument_bound_geometry) ... ok
test_public_restore_preserves_p_run_provenance_and_history_without_resolve (test_integration.IntegrationTests.test_public_restore_preserves_p_run_provenance_and_history_without_resolve) ... ok
test_reference_cancel_is_runtime_state_and_not_a_zero_result (test_integration.IntegrationTests.test_reference_cancel_is_runtime_state_and_not_a_zero_result) ... ok
test_compact_single_and_both_family_schemas_restore_without_dense_or_native (test_integration.NativeIntegrationTests.test_compact_single_and_both_family_schemas_restore_without_dense_or_native) ... ok
test_geometry_resource_cancel_failure_and_history (test_integration.NativeIntegrationTests.test_geometry_resource_cancel_failure_and_history) ... ok
test_named_factorized_dispatch_and_cancelled_construction (test_integration.NativeIntegrationTests.test_named_factorized_dispatch_and_cancelled_construction) ... ok
test_native_span_cancel_releases_gil_and_reports_completed_states (test_integration.NativeIntegrationTests.test_native_span_cancel_releases_gil_and_reports_completed_states) ... ok
test_all_chain_actions_cycles_boundaries_and_kernel_quotient (test_joint.JointAcceptanceTests.test_all_chain_actions_cycles_boundaries_and_kernel_quotient) ... ok
test_corpus_sources_hashes_and_coverage (test_joint.JointAcceptanceTests.test_corpus_sources_hashes_and_coverage) ... ok
test_cross_solver_frozen_corpus_joint_readouts_and_bounds (test_joint.JointAcceptanceTests.test_cross_solver_frozen_corpus_joint_readouts_and_bounds) ... ok
test_identity_snapshot_and_readout_round_trip (test_joint.JointAcceptanceTests.test_identity_snapshot_and_readout_round_trip) ... ok
test_joint_geometry_pairs_metric_and_current_stretch (test_joint.JointAcceptanceTests.test_joint_geometry_pairs_metric_and_current_stretch) ... ok
test_all_chain_actions_and_noncycle_domain_keep_old_meaning (test_legacy_results.LegacyCompatibilityTests.test_all_chain_actions_and_noncycle_domain_keep_old_meaning) ... ok
test_exact_weight_certificate_and_query_states_survive (test_legacy_results.LegacyCompatibilityTests.test_exact_weight_certificate_and_query_states_survive) ... ok
test_family_ranks_duplicate_stages_tracking_and_partial_failure (test_legacy_results.LegacyCompatibilityTests.test_family_ranks_duplicate_stages_tracking_and_partial_failure) ... ok
test_family_restore_rejects_rank_barcode_and_tracking_tampering (test_legacy_results.LegacyCompatibilityTests.test_family_restore_rejects_rank_barcode_and_tracking_tampering) ... ok
test_frozen_source_and_record_hashes (test_legacy_results.LegacyCompatibilityTests.test_frozen_source_and_record_hashes) ... ok
test_old_wire_and_history_restore_without_native_or_resolving (test_legacy_results.LegacyCompatibilityTests.test_old_wire_and_history_restore_without_native_or_resolving) ... ok
test_restore_rejects_schema_handle_certificate_and_query_tampering (test_legacy_results.LegacyCompatibilityTests.test_restore_rejects_schema_handle_certificate_and_query_tampering) ... ok
test_restore_revalidates_zero_projection_even_with_matching_identity (test_legacy_results.LegacyCompatibilityTests.test_restore_revalidates_zero_projection_even_with_matching_identity) ... ok
test_compact_family_transport_ranks_barcode_and_restore (test_native.CompactActionTests.test_compact_family_transport_ranks_barcode_and_restore) ... ok
test_corpus_all_generator_and_cycle_actions_same_p_and_geometry (test_native.CompactActionTests.test_corpus_all_generator_and_cycle_actions_same_p_and_geometry) ... ok
test_full_augmented_inverse_rows_and_small_chain_windows (test_native.CompactActionTests.test_full_augmented_inverse_rows_and_small_chain_windows) ... ok
test_illegal_factors_hc_zero_projection_and_tampered_version_identity (test_native.CompactActionTests.test_illegal_factors_hc_zero_projection_and_tampered_version_identity) ... ok
test_multiword_factor_hc_resource_and_query_domains (test_native.CompactActionTests.test_multiword_factor_hc_resource_and_query_domains) ... ok
test_no_dense_projection_inverse_identity_or_rust_required_for_restore (test_native.CompactActionTests.test_no_dense_projection_inverse_identity_or_rust_required_for_restore) ... ok
test_independent_homology_validation_rejects_zero_and_bad_hc (test_native.CompactValidationTests.test_independent_homology_validation_rejects_zero_and_bad_hc) ... ok
test_reference_only_compact_identity_recovery_and_geometry (test_native.CompactValidationTests.test_reference_only_compact_identity_recovery_and_geometry) ... ok
test_arbitrary_rationals_big_integers_and_fsum_policy (test_native.GeometryWorkspaceTests.test_arbitrary_rationals_big_integers_and_fsum_policy) ... ok
test_checked_integer_sums_and_individual_overflow_fallback (test_native.GeometryWorkspaceTests.test_checked_integer_sums_and_individual_overflow_fallback) ... ok
test_native_cycle_and_argument_rejection_and_recovery (test_native.GeometryWorkspaceTests.test_native_cycle_and_argument_rejection_and_recovery) ... ok
test_word_boundaries_explicit_factor_hc_and_original_coordinates (test_native.GeometryWorkspaceTests.test_word_boundaries_explicit_factor_hc_and_original_coordinates) ... ok
test_workspace_query_counts_reuse_and_snapshot_states (test_native.GeometryWorkspaceTests.test_workspace_query_counts_reuse_and_snapshot_states) ... ok
test_workspace_rejects_projection_weight_basis_and_run_mixing (test_native.GeometryWorkspaceTests.test_workspace_rejects_projection_weight_basis_and_run_mixing) ... ok
test_missing_extension_and_unsupported_domain_are_explicit (test_native.NativeAvailabilityTests.test_missing_extension_and_unsupported_domain_are_explicit) ... ok
test_all_state_interruptions_keep_completed_bounds_and_seeds (test_native.NativeSolverTests.test_all_state_interruptions_keep_completed_bounds_and_seeds) ... ok
test_cut_and_structured_supports_remain_exact (test_native.NativeSolverTests.test_cut_and_structured_supports_remain_exact) ... ok
test_missing_extension_recovery_and_unsupported_requests (test_native.NativeSolverTests.test_missing_extension_recovery_and_unsupported_requests) ... ok
test_multiword_cycle_objective_matches_independent_finite_vectors (test_native.NativeSolverTests.test_multiword_cycle_objective_matches_independent_finite_vectors) ... ok
test_sourced_corpus_same_actions_certificates_and_states (test_native.NativeSolverTests.test_sourced_corpus_same_actions_certificates_and_states) ... ok
test_tampered_proofs_actions_and_witnesses_rejected_by_both_replays (test_native.NativeSolverTests.test_tampered_proofs_actions_and_witnesses_rejected_by_both_replays) ... ok
test_unbounded_weights_visible_fallback_and_cross_product_overflow (test_native.NativeSolverTests.test_unbounded_weights_visible_fallback_and_cross_product_overflow) ... ok
test_all_small_augmented_inverses_match_noncycle_extension (test_native.NativeTests.test_all_small_augmented_inverses_match_noncycle_extension) ... ok
test_entire_corpus_actions_identities_and_independent_homology (test_native.NativeTests.test_entire_corpus_actions_identities_and_independent_homology) ... ok
test_failure_inputs_cycles_padding_and_wrong_identity (test_native.NativeTests.test_failure_inputs_cycles_padding_and_wrong_identity) ... ok
test_geometry_empty_repeated_and_round_trip_queries (test_native.NativeTests.test_geometry_empty_repeated_and_round_trip_queries) ... ok
test_resource_units_and_empty_and_word_edge (test_native.NativeTests.test_resource_units_and_empty_and_word_edge) ... ok
test_unbounded_exact_weights_and_floating_policy (test_native.NativeTests.test_unbounded_exact_weights_and_floating_policy) ... ok
test_exhaustive_small_canonical_results_and_independent_enumeration (test_native.PackedAlgebraTests.test_exhaustive_small_canonical_results_and_independent_enumeration) ... ok
test_immutable_reuse_no_weight_or_projection_selection (test_native.PackedAlgebraTests.test_immutable_reuse_no_weight_or_projection_selection) ... ok
test_invalid_shapes_rhs_padding_and_unavailable_extension (test_native.PackedAlgebraTests.test_invalid_shapes_rhs_padding_and_unavailable_extension) ... ok
test_multiword_boundaries_products_padding_and_original_coordinates (test_native.PackedAlgebraTests.test_multiword_boundaries_products_padding_and_original_coordinates) ... ok
test_actions_and_quotient_correspondence (test_operator.OperatorTests.test_actions_and_quotient_correspondence) ... ok
test_cycle_domain_and_immutability (test_operator.OperatorTests.test_cycle_domain_and_immutability) ... ok
test_nested_objective_mixing_is_rejected (test_operator.OperatorTests.test_nested_objective_mixing_is_rejected) ... ok
test_snapshot_state_and_roundtrip_revalidation (test_operator.OperatorTests.test_snapshot_state_and_roundtrip_revalidation) ... ok
test_solution_mismatch_and_zero_homology (test_operator.OperatorTests.test_solution_mismatch_and_zero_homology) ... ok
test_installed_package_metadata_matches (test_package.PackageTests.test_installed_package_metadata_matches) ... ok
test_public_exports_are_available (test_package.PackageTests.test_public_exports_are_available) ... ok
test_all_sourced_rank2_windows_match_exhaustive (test_rank2.Rank2Tests.test_all_sourced_rank2_windows_match_exhaustive) ... ok
test_certificate_replays_reduction_minima_identity_and_witness (test_rank2.Rank2Tests.test_certificate_replays_reduction_minima_identity_and_witness) ... ok
test_nonempty_pareto_transcript_is_independently_verified (test_rank2.Rank2Tests.test_nonempty_pareto_transcript_is_independently_verified) ... ok
test_pareto_elimination_reduces_support_without_increasing_any_class (test_rank2.Rank2Tests.test_pareto_elimination_reduces_support_without_increasing_any_class) ... ok
test_rank_three_pareto_counterexample_is_preserved_and_rejected (test_rank2.Rank2Tests.test_rank_three_pareto_counterexample_is_preserved_and_rejected) ... ok
test_resources_preserve_proven_seed_and_completed_objective (test_rank2.Rank2Tests.test_resources_preserve_proven_seed_and_completed_objective) ... ok
test_structural_rejections_do_not_infer_geometry_from_rank (test_rank2.Rank2Tests.test_structural_rejections_do_not_infer_geometry_from_rank) ... ok
test_three_terminal_exact_macro_family_and_all_small_weights (test_rank2.Rank2Tests.test_three_terminal_exact_macro_family_and_all_small_weights) ... ok
test_bounds_reject_invalid_values_and_uncertified_grades (test_result.ResultTests.test_bounds_reject_invalid_values_and_uncertified_grades) ... ok
test_cache_binds_every_semantic_policy (test_result.ResultTests.test_cache_binds_every_semantic_policy) ... ok
test_canonical_hash_and_reproducible_identity (test_result.ResultTests.test_canonical_hash_and_reproducible_identity) ... ok
test_deserialization_rejects_tampering_and_mixed_results (test_result.ResultTests.test_deserialization_rejects_tampering_and_mixed_results) ... ok
test_exact_optimal_requires_more_than_a_feasible_flag (test_result.ResultTests.test_exact_optimal_requires_more_than_a_feasible_flag) ... ok
test_lossless_round_trip (test_result.ResultTests.test_lossless_round_trip) ... ok
test_metadata_is_immutable (test_result.ResultTests.test_metadata_is_immutable) ... ok
test_missing_projection_failure_round_trip (test_result.ResultTests.test_missing_projection_failure_round_trip) ... ok
test_missing_projection_rejects_fabricated_action (test_result.ResultTests.test_missing_projection_rejects_fabricated_action) ... ok
test_missing_states_are_not_zero (test_result.ResultTests.test_missing_states_are_not_zero) ... ok
test_nested_objective_requires_same_identity (test_result.ResultTests.test_nested_objective_requires_same_identity) ... ok
test_reserved_mapping_keys_and_fractions_round_trip (test_result.ResultTests.test_reserved_mapping_keys_and_fractions_round_trip) ... ok
test_unsupported_certificate_and_failed_ready_are_rejected (test_result.ResultTests.test_unsupported_certificate_and_failed_ready_are_rejected) ... ok
test_weight_basis_and_projection_identity_changes (test_result.ResultTests.test_weight_basis_and_projection_identity_changes) ... ok
test_multiword_geometry_and_family_snapshot_share_same_compact_action (test_s4_integration.NativeIntegrationTests.test_multiword_geometry_and_family_snapshot_share_same_compact_action) ... ok
test_native_solvers_geometry_workspaces_and_compact_family_together (test_s4_integration.NativeIntegrationTests.test_native_solvers_geometry_workspaces_and_compact_family_together) ... ok
test_reference_solvers_compact_actions_and_family_restore_without_native (test_s4_integration.PortableIntegrationTests.test_reference_solvers_compact_actions_and_family_restore_without_native) ... ok
test_archive_preserves_both_results_and_declares_limited_minimality (test_s5_correctness.CorrectnessCorpusTests.test_archive_preserves_both_results_and_declares_limited_minimality) ... ok
test_corpus_is_reproducible_and_rejects_tampering (test_s5_correctness.CorrectnessCorpusTests.test_corpus_is_reproducible_and_rejects_tampering) ... ok
test_structural_and_random_corpus_same_topology_full_action_joint_and_restore (test_s5_correctness.TriadTests.test_structural_and_random_corpus_same_topology_full_action_joint_and_restore) ... ok
test_weight_changes_preserve_topology_and_reordering_preserves_input_complex (test_s5_correctness.TriadTests.test_weight_changes_preserve_topology_and_reordering_preserves_input_complex) ... ok
test_full_stage_betti_barcode_and_interval_rank_match_families (test_s5_gudhi.GudhiOracleTests.test_full_stage_betti_barcode_and_interval_rank_match_families) ... ok
test_repeated_scale_keeps_cross_stage_bar_and_h2_requires_tetrahedron (test_s5_gudhi.GudhiOracleTests.test_repeated_scale_keeps_cross_stage_bar_and_h2_requires_tetrahedron) ... ok
test_secondary_flag_routes_run_or_report_unavailable_without_replacing_primary (test_s5_gudhi.GudhiOracleTests.test_secondary_flag_routes_run_or_report_unavailable_without_replacing_primary) ... ok
test_wrong_installed_version_is_rejected (test_s5_gudhi.GudhiOracleTests.test_wrong_installed_version_is_rejected) ... ok
test_diagonals_multiplicity_and_infinity_are_distinct (test_s5_gudhi.NormalizationTests.test_diagonals_multiplicity_and_infinity_are_distinct) ... ok
test_all_actual_simplex_filtration_boundary_and_counts_match (test_s5_manifest.DoubleBuilderTests.test_all_actual_simplex_filtration_boundary_and_counts_match) ... ok
test_gudhi_auto_faces_and_filtration_edits_cannot_pass_audit (test_s5_manifest.DoubleBuilderTests.test_gudhi_auto_faces_and_filtration_edits_cannot_pass_audit) ... ok
test_insertion_order_and_h0_through_h3_truncation_are_explicit (test_s5_manifest.DoubleBuilderTests.test_insertion_order_and_h0_through_h3_truncation_are_explicit) ... ok
test_frozen_corpus_shapes_boundaries_weights_and_repeat_scales (test_s5_manifest.ManifestTests.test_frozen_corpus_shapes_boundaries_weights_and_repeat_scales) ... ok
test_invalid_faces_stage_vertex_truncation_and_source_are_rejected (test_s5_manifest.ManifestTests.test_invalid_faces_stage_vertex_truncation_and_source_are_rejected) ... ok
test_positive_exact_weights_float_policy_and_hash_tampering (test_s5_manifest.ManifestTests.test_positive_exact_weights_float_policy_and_hash_tampering) ... ok
test_reordered_coordinates_keep_explicit_complex_and_detect_weight_changes (test_s5_manifest.ManifestTests.test_reordered_coordinates_keep_explicit_complex_and_detect_weight_changes) ... ok
test_backend_claims_cannot_become_verified_certificate_flags (test_solver.SolverTests.test_backend_claims_cannot_become_verified_certificate_flags) ... ok
test_config_identity_is_immutable_and_run_independent (test_solver.SolverTests.test_config_identity_is_immutable_and_run_independent) ... ok
test_construction_and_determinism (test_solver.SolverTests.test_construction_and_determinism) ... ok
test_cross_solver_exact_arithmetic_and_float_scope (test_solver.SolverTests.test_cross_solver_exact_arithmetic_and_float_scope) ... ok
test_cross_solver_positive_wall_limits_at_checkpoints (test_solver.SolverTests.test_cross_solver_positive_wall_limits_at_checkpoints) ... ok
test_dispatch_binds_returned_configuration_to_request (test_solver.SolverTests.test_dispatch_binds_returned_configuration_to_request) ... ok
test_dispatch_failures_keep_actual_backend_method (test_solver.SolverTests.test_dispatch_failures_keep_actual_backend_method) ... ok
test_dispatch_rejects_invalid_backend_candidates (test_solver.SolverTests.test_dispatch_rejects_invalid_backend_candidates) ... ok
test_empty_shapes (test_solver.SolverTests.test_empty_shapes) ... ok
test_exact_zero_and_empty_objective_remain_distinct (test_solver.SolverTests.test_exact_zero_and_empty_objective_remain_distinct) ... ok
test_exhaustive_interruption_preserves_only_proven_bounds (test_solver.SolverTests.test_exhaustive_interruption_preserves_only_proven_bounds) ... ok
test_exhaustive_matches_all_small_ambient_projections (test_solver.SolverTests.test_exhaustive_matches_all_small_ambient_projections) ... ok
test_exhaustive_two_boundary_directions_three_homology_directions (test_solver.SolverTests.test_exhaustive_two_boundary_directions_three_homology_directions) ... ok
test_exhaustive_weighted_and_higher_rank_ground_truth (test_solver.SolverTests.test_exhaustive_weighted_and_higher_rank_ground_truth) ... ok
test_failures_and_resource_limits_are_structured (test_solver.SolverTests.test_failures_and_resource_limits_are_structured) ... ok
test_float_equality_cannot_certify_exact_optimality (test_solver.SolverTests.test_float_equality_cannot_certify_exact_optimality) ... ok
test_frozen_solver_corpus_and_exact_family_roundtrips (test_solver.SolverTests.test_frozen_solver_corpus_and_exact_family_roundtrips) ... ok
test_generalized_inverses_all_small_shapes (test_solver.SolverTests.test_generalized_inverses_all_small_shapes) ... ok
test_greedy_empty_zero_and_unsupported_requests (test_solver.SolverTests.test_greedy_empty_zero_and_unsupported_requests) ... ok
test_greedy_interruption_retains_only_completed_seed_bounds (test_solver.SolverTests.test_greedy_interruption_retains_only_completed_seed_bounds) ... ok
test_greedy_noncycle_and_wrong_action_cannot_claim_greedy_proof (test_solver.SolverTests.test_greedy_noncycle_and_wrong_action_cannot_claim_greedy_proof) ... ok
test_greedy_proof_tampering_is_rejected (test_solver.SolverTests.test_greedy_proof_tampering_is_rejected) ... ok
test_greedy_sourced_corpus_optimum_bound_and_queried_roundtrip (test_solver.SolverTests.test_greedy_sourced_corpus_optimum_bound_and_queried_roundtrip) ... ok
test_interrupted_best_feasible_interval_roundtrip_and_family (test_solver.SolverTests.test_interrupted_best_feasible_interval_roundtrip_and_family) ... ok
test_preflight_capabilities_and_no_fallback (test_solver.SolverTests.test_preflight_capabilities_and_no_fallback) ... ok
test_resource_fields_reject_unimplemented_limits (test_solver.SolverTests.test_resource_fields_reject_unimplemented_limits) ... ok
test_solver_policy_and_geometry_cache_boundaries (test_solver.SolverTests.test_solver_policy_and_geometry_cache_boundaries) ... ok
test_supported_grades_require_independent_evidence (test_solver.SolverTests.test_supported_grades_require_independent_evidence) ... ok
test_validated_heuristic_changes_geometry_with_same_topology (test_solver.SolverTests.test_validated_heuristic_changes_geometry_with_same_topology) ... ok
test_empty_cycle_domain_and_zero_homology_are_distinct (test_stretch.StretchTests.test_empty_cycle_domain_and_zero_homology_are_distinct) ... ok
test_exact_current_objective_is_not_global_optimum (test_stretch.StretchTests.test_exact_current_objective_is_not_global_optimum) ... ok
test_exhaustion_preserves_partial_information_without_exact_value (test_stretch.StretchTests.test_exhaustion_preserves_partial_information_without_exact_value) ... ok
test_float_objective_is_not_exact_or_certified_upper_bound (test_stretch.StretchTests.test_float_objective_is_not_exact_or_certified_upper_bound) ... ok
test_shortest_query_is_explicitly_unavailable (test_stretch.StretchTests.test_shortest_query_is_explicitly_unavailable) ... ok
test_formula_and_all_small_actions_match_explicit_reference (test_structured.StructuredTests.test_formula_and_all_small_actions_match_explicit_reference) ... ok
test_handle_certificate_and_action_tampering_rejected (test_structured.StructuredTests.test_handle_certificate_and_action_tampering_rejected) ... ok
test_no_dense_projection_required_for_constructor_project_or_restore (test_structured.StructuredTests.test_no_dense_projection_required_for_constructor_project_or_restore) ... ok
test_resource_failures_do_not_claim_certification (test_structured.StructuredTests.test_resource_failures_do_not_claim_certification) ... ok
test_seven_coordinate_optimum_by_independent_integer_section_search (test_structured.StructuredTests.test_seven_coordinate_optimum_by_independent_integer_section_search) ... ok
test_structured_family_transport_queries_and_identity_roundtrip (test_structured.StructuredTests.test_structured_family_transport_queries_and_identity_roundtrip) ... ok
test_wrong_family_float_weights_and_unsupported_parameters_rejected (test_structured.StructuredTests.test_wrong_family_float_weights_and_unsupported_parameters_rejected) ... ok
test_all_small_windows_and_projections_match_vector_enumeration (test_validation.ProjectionValidationTests.test_all_small_windows_and_projections_match_vector_enumeration) ... ok
test_bad_projection_invariants_are_identified (test_validation.ProjectionValidationTests.test_bad_projection_invariants_are_identified) ... ok
test_empty_domain_and_zero_homology_are_legal (test_validation.ProjectionValidationTests.test_empty_domain_and_zero_homology_are_legal) ... ok
test_shape_and_type_failures_are_structured (test_validation.ProjectionValidationTests.test_shape_and_type_failures_are_structured) ... ok
test_zero_projection_cannot_erase_nonzero_homology (test_validation.ProjectionValidationTests.test_zero_projection_cannot_erase_nonzero_homology) ... ok

----------------------------------------------------------------------
Ran 209 tests in 167.284s

OK
